../Core/Src/fsm.c:66:6:main_menu	4	static
../Core/Src/fsm.c:79:6:jugada_de_bot_no_dejar_ganar	24	static
../Core/Src/fsm.c:192:6:jugada_de_bot_ganar	24	static
../Core/Src/fsm.c:273:6:jugada_de_bot_aleatoria	8	static
../Core/Src/fsm.c:284:6:animacion_caida_bomba	32	static
../Core/Src/fsm.c:321:6:bomba	8	static
../Core/Src/fsm.c:389:6:borrar	16	static
../Core/Src/fsm.c:404:6:actualizar_fsm_juego	16	static
../Core/Src/fsm.c:500:6:asignar_jugada	24	static
../Core/Src/fsm.c:577:6:comprobar	248	static
../Core/Src/fsm.c:654:6:gana	24	static
../Core/Src/fsm.c:669:6:turno_anim	168	static
../Core/Src/fsm.c:714:6:actualizar_fsm_juego_vs_bot	8	static
../Core/Src/fsm.c:799:5:existe	16	static
