../Core/Src/fsm.c:89:5:existe	16	static
../Core/Src/fsm.c:101:6:main_menu	24	static
../Core/Src/fsm.c:129:6:jugada_de_bot_no_dejar_ganar	16	static
../Core/Src/fsm.c:242:6:jugada_de_bot_ganar	16	static
../Core/Src/fsm.c:323:6:jugada_de_bot_aleatoria	8	static
../Core/Src/fsm.c:334:6:animacion_caida_bomba	32	static
../Core/Src/fsm.c:372:6:bomba	8	static
../Core/Src/fsm.c:440:6:borrar	16	static
../Core/Src/fsm.c:455:6:actualizar_fsm_juego	48	static
../Core/Src/fsm.c:574:6:asignar_jugada	24	static
../Core/Src/fsm.c:643:6:comprobar	248	static
../Core/Src/fsm.c:720:6:gana	16	static
../Core/Src/fsm.c:727:6:turno_anim	168	static
../Core/Src/fsm.c:772:6:actualizar_fsm_juego_vs_bot	8	static
